573227184249: QUEUE: ans_c94e7c81-daae-488b-90b5-5c4b3c2192ad
573227184249: EXECUTING: ans_c94e7c81-daae-488b-90b5-5c4b3c2192ad
573227184249: SUCCESS: ans_c94e7c81-daae-488b-90b5-5c4b3c2192ad
573227184249: SUCCESS: ans_c94e7c81-daae-488b-90b5-5c4b3c2192ad
573227184249: QUEUE: ans_07f97242-29e7-4c72-92fe-7b8831f4a813
573227184249: EXECUTING: ans_07f97242-29e7-4c72-92fe-7b8831f4a813
573227184249: SUCCESS: ans_07f97242-29e7-4c72-92fe-7b8831f4a813
573227184249: SUCCESS: ans_07f97242-29e7-4c72-92fe-7b8831f4a813
573227184249: QUEUE: ans_967fa7cf-61e5-49ac-bad1-3708e57ce82e
573227184249: EXECUTING: ans_967fa7cf-61e5-49ac-bad1-3708e57ce82e
573227184249: SUCCESS: ans_967fa7cf-61e5-49ac-bad1-3708e57ce82e
573227184249: SUCCESS: ans_967fa7cf-61e5-49ac-bad1-3708e57ce82e
573227184249: QUEUE: ans_8aa7498f-f20a-48ec-931c-45dbf8f19671
573227184249: EXECUTING: ans_8aa7498f-f20a-48ec-931c-45dbf8f19671
573227184249: SUCCESS: ans_8aa7498f-f20a-48ec-931c-45dbf8f19671
573227184249: SUCCESS: ans_8aa7498f-f20a-48ec-931c-45dbf8f19671
573227184249: QUEUE: ans_95a47923-b6a8-4198-b0b0-9b416ffe0a9e
573227184249: EXECUTING: ans_95a47923-b6a8-4198-b0b0-9b416ffe0a9e
573227184249: SUCCESS: ans_95a47923-b6a8-4198-b0b0-9b416ffe0a9e
573227184249: SUCCESS: ans_95a47923-b6a8-4198-b0b0-9b416ffe0a9e
573227184249: QUEUE: ans_79367dd7-e0fb-436c-b665-0041817af7c9
573227184249: EXECUTING: ans_79367dd7-e0fb-436c-b665-0041817af7c9
573227184249: SUCCESS: ans_79367dd7-e0fb-436c-b665-0041817af7c9
573227184249: SUCCESS: ans_79367dd7-e0fb-436c-b665-0041817af7c9
573227184249: QUEUE: ans_a1b9e8e5-59bb-4ccd-8a28-4b62d10fa123
573227184249: EXECUTING: ans_a1b9e8e5-59bb-4ccd-8a28-4b62d10fa123
573227184249: SUCCESS: ans_a1b9e8e5-59bb-4ccd-8a28-4b62d10fa123
573227184249: SUCCESS: ans_a1b9e8e5-59bb-4ccd-8a28-4b62d10fa123
